---
urls:
  - "http://www.thesun.co.uk/sol/homepage/video/sport/football/5601809/Martinez-Everton-will-not-roll-over-for-City.html"
canonical_url: "http://www.thesun.co.uk/sol/homepage/video/sport/football/5601809/Martinez-Everton-will-not-roll-over-for-City.html"
headline: "Martinez: Everton will not roll over for City"
published: 2014-05-01T11:38:13Z
updated: 2014-05-01T12:32:57Z
publication:
  name: The Sun
  domain: www.thesun.co.uk
#NOTE: it's a video
---
TOFFEES manager says Liverpool fans predicting an easy win for Man City on Saturday are wrong
