---
urls:
  - "http://politicshome.com/uk/article/12984/huhne_.html"
canonical_url: "http://politicshome.com/uk/article/12984/huhne_.html"
headline: "Huhne: Nuclear has a future"
publication:
  - name: 
  - domain: politicshome.com
---

